App.tsx(5880,3): error TS2353: Object literal may only specify known properties, and 'ADMIN_WEEKLY_SCHEDULE' does not exist in type 'Record<AppView, string>'.
constants.ts(5,3): error TS2741: Property 'display_order' is missing in type '{ id: string; name: string; description: string; price: number; duration: number; imageUrl: string; }' but required in type 'Service'.
constants.ts(13,3): error TS2741: Property 'display_order' is missing in type '{ id: string; name: string; description: string; price: number; duration: number; imageUrl: string; }' but required in type 'Service'.
constants.ts(21,3): error TS2741: Property 'display_order' is missing in type '{ id: string; name: string; description: string; price: number; duration: number; imageUrl: string; }' but required in type 'Service'.
constants.ts(29,3): error TS2741: Property 'display_order' is missing in type '{ id: string; name: string; description: string; price: number; duration: number; imageUrl: string; }' but required in type 'Service'.
constants.ts(37,3): error TS2741: Property 'display_order' is missing in type '{ id: string; name: string; description: string; price: number; duration: number; imageUrl: string; }' but required in type 'Service'.
constants.ts(45,3): error TS2741: Property 'display_order' is missing in type '{ id: string; name: string; description: string; price: number; duration: number; popular: true; imageUrl: string; }' but required in type 'Service'.
src/ReloadPrompt.tsx(2,31): error TS2307: Cannot find module 'virtual:pwa-register/react' or its corresponding type declarations.
